// Jest Snapshot v1, https://goo.gl/fbAQLP

exports[`sss 1`] = `
<div>
  link
</div>
`;
